// Jest Snapshot v1, https://goo.gl/fbAQLP

exports[`SignIn - Mnemonics matches snapshot 1`] = `
<div
  className="css-view-1dbjc4n r-flex-13awgt0 r-pointerEvents-12vffkv"
>
  <div
    className="css-view-1dbjc4n r-backgroundColor-1b3fm86 r-display-6koalj r-flexDirection-eqz5dr r-flexGrow-16y2uox r-maxHeight-87ditf r-overflowX-lltvgl r-overflowY-1rnoaur r-padding-edyy15 r-position-bnwqim r-width-13qz1uu"
    data-name="viewWrapper"
    style={
      Object {
        "backgroundImage": "linear-gradient(3.141592653589793rad,#00AFFF,#2DC0F7,#28C0EF,#23C0E7,#1EC1DF,#19C1D7,#14C1CF,#0FC2C7,#0FC2C7,#0AC2BF,#05C2B7,#00C3AF)",
      }
    }
  >
    <div
      className="css-view-1dbjc4n r-backgroundColor-14lw9ot r-borderRadius-17gur6a r-paddingHorizontal-1e081e0 r-paddingVertical-1yzf0co"
      style={
        Object {
          "WebkitBoxFlex": 5,
          "WebkitFlexGrow": 5,
          "flexGrow": 5,
          "msFlexPositive": 5,
        }
      }
    >
      <div
        className="css-view-1dbjc4n r-alignItems-1oszu61 r-flexDirection-eqz5dr r-flexGrow-16y2uox r-marginVertical-c8eef1"
        style={
          Object {
            "WebkitBoxPack": "justify",
            "WebkitJustifyContent": "space-around",
            "justifyContent": "space-around",
            "msFlexPack": "distribute",
          }
        }
      >
        <div
          className="css-text-901oao r-color-cddv6f r-fontFamily-vnw8o6 r-fontSize-hiw28u r-fontWeight-majxgm r-lineHeight-qvk6io r-textAlign-q4m81j r-textDecorationLine-13wfysu r-textTransform-3twk1y"
          dir="auto"
        >
          Please enter your
          

          12-word pass phrase:
        </div>
      </div>
      <div
        className="css-view-1dbjc4n r-alignItems-1oszu61 r-flexDirection-eqz5dr r-justifyContent-1wtj0ep"
        style={
          Object {
            "WebkitBoxFlex": 4,
            "WebkitFlexGrow": 4,
            "flexGrow": 4,
            "msFlexPositive": 4,
          }
        }
      >
        <div
          className="css-view-1dbjc4n r-alignItems-1awozwy r-flexDirection-18u37iz r-justifyContent-1777fci"
        >
          <div
            className="css-view-1dbjc4n r-marginBottom-5oul0u r-width-13qz1uu"
          >
            <div
              className="css-view-1dbjc4n r-marginBottom-5oul0u r-width-13qz1uu"
            >
              <input
                autoCapitalize="sentences"
                autoComplete="on"
                autoCorrect="on"
                autoFocus={true}
                className="css-textinput-11aywtz r-backgroundColor-14lw9ot r-borderBottomColor-1htqvjr r-borderBottomWidth-qklmqi r-color-13sdq65 r-fontFamily-6jnb14 r-fontSize-hiw28u r-fontWeight-1it3c9n r-paddingHorizontal-1dye5f7 r-paddingVertical-oyd9sg r-placeholderTextColor-1xktb6b r-textAlign-q4m81j"
                dir="auto"
                onBlur={[Function]}
                onChange={[Function]}
                onFocus={[Function]}
                onKeyDown={[Function]}
                onSelect={[Function]}
                onTouchStart={[Function]}
                readOnly={false}
                spellCheck={true}
                type="text"
              />
              <div
                className="css-view-1dbjc4n r-bottom-1ebgqk7 r-cursor-1loqt21 r-paddingTop-tskmnb r-position-u8s1d r-right-3mc0re r-touchAction-1otgn73 r-transitionProperty-1i6wzkk r-userSelect-lrvibr r-zIndex-184en5c"
                onClick={[Function]}
                onContextMenu={[Function]}
                onKeyDown={[Function]}
                style={
                  Object {
                    "WebkitTransitionDuration": "0s",
                    "transitionDuration": "0s",
                  }
                }
                tabIndex="0"
              >
                <div
                  className="css-text-901oao r-color-13sdq65 r-fontWeight-1it3c9n"
                  dir="auto"
                  style={
                    Object {
                      "fontFamily": "gooddollar",
                      "fontSize": "16px",
                      "fontStyle": "normal",
                    }
                  }
                >
                  î Ž
                </div>
              </div>
            </div>
          </div>
        </div>
      </div>
      <div
        className="css-view-1dbjc4n r-alignItems-1awozwy r-flexDirection-18u37iz r-marginVertical-c8eef1"
        style={
          Object {
            "WebkitBoxPack": "justify",
            "WebkitJustifyContent": "space-around",
            "justifyContent": "space-around",
            "msFlexPack": "distribute",
          }
        }
      >
        <div
          className="css-text-901oao r-color-vaa0vc r-fontFamily-vnw8o6 r-fontSize-1b43r93 r-fontWeight-1it3c9n r-lineHeight-qvk6io r-textAlign-q4m81j r-textDecorationLine-13wfysu r-textTransform-3twk1y"
          dir="auto"
        >
          You can copy-paste all of it at once
 from your 
          <span
            className="css-text-901oao css-textHasAncestor-16my406 r-color-vaa0vc r-fontFamily-vnw8o6 r-fontSize-1b43r93 r-fontWeight-b88u0q r-lineHeight-qvk6io r-textAlign-q4m81j r-textDecorationLine-13wfysu r-textTransform-3twk1y"
          >
            backup email
          </span>
        </div>
      </div>
      <div
        className="css-view-1dbjc4n r-alignItems-1oszu61 r-flexDirection-eqz5dr r-flexGrow-16y2uox r-maxHeight-14c2kc1 r-minHeight-mjyw6"
        style={
          Object {
            "WebkitBoxPack": "end",
            "WebkitJustifyContent": "flex-end",
            "justifyContent": "flex-end",
            "msFlexPack": "end",
          }
        }
      >
        <div
          className="css-view-1dbjc4n r-alignItems-1oszu61 r-display-6koalj r-justifyContent-1777fci"
          style={
            Object {
              "backgroundColor": "rgba(23,53,102,0.40)",
              "borderBottomColor": "rgba(0,175,255,1.00)",
              "borderBottomLeftRadius": "50px",
              "borderBottomRightRadius": "50px",
              "borderBottomStyle": "solid",
              "borderBottomWidth": "0px",
              "borderLeftColor": "rgba(0,175,255,1.00)",
              "borderLeftStyle": "solid",
              "borderLeftWidth": "0px",
              "borderRightColor": "rgba(0,175,255,1.00)",
              "borderRightStyle": "solid",
              "borderRightWidth": "0px",
              "borderTopColor": "rgba(0,175,255,1.00)",
              "borderTopLeftRadius": "50px",
              "borderTopRightRadius": "50px",
              "borderTopStyle": "solid",
              "borderTopWidth": "0px",
              "marginBottom": "20px",
              "marginLeft": "0px",
              "marginRight": "0px",
              "marginTop": "20px",
              "minHeight": "44px",
              "minWidth": "64px",
              "paddingBottom": "0px",
              "paddingLeft": "0px",
              "paddingRight": "0px",
              "paddingTop": "0px",
            }
          }
        >
          <div
            aria-disabled={true}
            className="css-view-1dbjc4n r-flex-13awgt0 r-overflow-1udh08x r-position-bnwqim"
            onClick={[Function]}
            onContextMenu={[Function]}
            onKeyDown={[Function]}
            role="button"
            style={
              Object {
                "WebkitAlignSelf": "stretch",
                "alignSelf": "stretch",
                "borderBottomLeftRadius": "50px",
                "borderBottomRightRadius": "50px",
                "borderTopLeftRadius": "50px",
                "borderTopRightRadius": "50px",
                "msFlexItemAlign": "stretch",
                "msGridRowAlign": "stretch",
              }
            }
            tabIndex="-1"
          >
            <div
              className="css-view-1dbjc4n r-alignItems-1awozwy r-flex-13awgt0 r-flexDirection-18u37iz r-justifyContent-1777fci"
              style={
                Object {
                  "WebkitAlignSelf": "stretch",
                  "alignSelf": "stretch",
                  "msFlexItemAlign": "stretch",
                  "msGridRowAlign": "stretch",
                }
              }
            >
              <div
                className="css-view-1dbjc4n r-marginHorizontal-1ydw1k6 r-marginVertical-712mwr"
              >
                <div
                  className="css-view-1dbjc4n r-alignItems-1awozwy r-display-6koalj r-flex-13awgt0 r-flexDirection-18u37iz"
                >
                  <div
                    className="css-text-901oao r-alignItems-1awozwy r-color-jwli3a r-display-6koalj r-fontFamily-vnw8o6 r-fontSize-ubezar r-fontWeight-majxgm r-justifyContent-1777fci r-letterSpacing-oxtfae r-lineHeight-qvk6io r-minHeight-1ceczpf r-textAlign-q4m81j r-textDecorationLine-13wfysu r-textTransform-tsynxw"
                    dir="auto"
                  >
                    Recover my wallet
                  </div>
                </div>
              </div>
            </div>
          </div>
        </div>
      </div>
    </div>
  </div>
</div>
`;
