// Jest Snapshot v1, https://goo.gl/fbAQLP

exports[`FeedList Vertical rendering With empty data matches snapshot 1`] = `
<div
  className="css-view-1dbjc4n r-flex-13awgt0 r-pointerEvents-12vffkv"
>
  <div
    className="css-view-1dbjc4n r-WebkitOverflowScrolling-150rngu r-flexDirection-eqz5dr r-flexGrow-16y2uox r-flexShrink-1wbh5a2 r-overflowX-11yh6sk r-overflowY-1rnoaur r-transform-1sncvnh"
    onScroll={[Function]}
    onTouchEnd={[Function]}
    onTouchMove={[Function]}
    onTouchStart={[Function]}
    onWheel={[Function]}
    style={
      Object {
        "display": "flex",
        "height": "1px",
      }
    }
  >
    <div
      className="css-view-1dbjc4n r-display-6koalj r-flexGrow-16y2uox"
    >
      <div
        className="css-view-1dbjc4n"
      >
        <div
          className="css-view-1dbjc4n"
        >
          <div
            className="css-view-1dbjc4n r-borderRadius-1xfd6ze r-boxShadow-1d1oby0 r-flexDirection-18u37iz r-marginHorizontal-1ybube5 r-marginTop-knv0ih"
          >
            <div
              className="css-view-1dbjc4n r-alignItems-1awozwy r-backgroundColor-14lw9ot r-borderRadius-1xfd6ze r-flex-13awgt0 r-justifyContent-1777fci r-overflow-1udh08x r-paddingLeft-1m04atk"
            >
              <div
                className="css-view-1dbjc4n r-height-1pi2tsx r-left-1d2f490 r-position-u8s1d r-right-zchlnj r-top-ipm5af r-width-5soawk"
                style={
                  Object {
                    "backgroundColor": "rgba(238,238,238,1.00)",
                    "backgroundImage": "url(feedListItemPattern.svg)",
                  }
                }
              />
              <div
                className="css-view-1dbjc4n r-alignItems-1awozwy r-flexDirection-18u37iz r-justifyContent-1777fci r-padding-tuq35u r-width-13qz1uu"
              >
                <div
                  className="css-view-1dbjc4n r-alignSelf-173mn98 r-flexDirection-eqz5dr r-justifyContent-1wtj0ep"
                  style={
                    Object {
                      "WebkitAlignItems": "flex-start",
                      "WebkitBoxAlign": "start",
                      "alignItems": "flex-start",
                      "msFlexAlign": "start",
                    }
                  }
                >
                  <div
                    className="css-view-1dbjc4n"
                    style={
                      Object {
                        "backgroundColor": "rgba(238,238,238,1.00)",
                        "borderBottomLeftRadius": "17px",
                        "borderBottomRightRadius": "17px",
                        "borderTopLeftRadius": "17px",
                        "borderTopRightRadius": "17px",
                        "height": "34px",
                        "width": "34px",
                      }
                    }
                  />
                </div>
                <div
                  className="css-view-1dbjc4n r-alignItems-1oszu61 r-flexDirection-eqz5dr r-flexGrow-16y2uox r-justifyContent-1wtj0ep r-marginLeft-13hce6t"
                >
                  <div
                    className="css-view-1dbjc4n r-alignItems-1awozwy r-borderBottomColor-1fn3lry r-borderBottomStyle-rull8r r-borderBottomWidth-wgabs5 r-flexDirection-18u37iz r-justifyContent-1wtj0ep r-marginBottom-15zivkp r-paddingBottom-iphfwy"
                  >
                    <div
                      className="css-view-1dbjc4n r-flexDirection-eqz5dr r-justifyContent-1wtj0ep"
                      style={
                        Object {
                          "WebkitAlignItems": "flex-start",
                          "WebkitBoxAlign": "start",
                          "alignItems": "flex-start",
                          "msFlexAlign": "start",
                        }
                      }
                    >
                      <div
                        className="css-view-1dbjc4n"
                        style={
                          Object {
                            "backgroundColor": "rgba(238,238,238,1.00)",
                            "height": "10px",
                            "width": "74px",
                          }
                        }
                      />
                    </div>
                  </div>
                  <div
                    className="css-view-1dbjc4n r-alignItems-1awozwy r-flexDirection-18u37iz r-justifyContent-1wtj0ep"
                  >
                    <div
                      className="css-view-1dbjc4n r-flexDirection-eqz5dr r-flexGrow-16y2uox r-justifyContent-1wtj0ep"
                      style={
                        Object {
                          "WebkitAlignItems": "flex-start",
                          "WebkitBoxAlign": "start",
                          "alignItems": "flex-start",
                          "msFlexAlign": "start",
                        }
                      }
                    >
                      <div
                        className="css-view-1dbjc4n r-alignItems-1awozwy r-flexDirection-18u37iz r-justifyContent-1wtj0ep"
                      >
                        <div
                          className="css-view-1dbjc4n"
                          style={
                            Object {
                              "backgroundColor": "rgba(238,238,238,1.00)",
                              "height": "18px",
                              "width": "120px",
                            }
                          }
                        />
                      </div>
                      <div
                        className="css-view-1dbjc4n r-alignItems-1awozwy r-flexDirection-18u37iz r-justifyContent-1wtj0ep"
                      >
                        <div
                          className="css-view-1dbjc4n r-marginTop-14gqq1x"
                          style={
                            Object {
                              "backgroundColor": "rgba(238,238,238,1.00)",
                              "height": "10px",
                              "width": "74px",
                            }
                          }
                        />
                      </div>
                    </div>
                    <div
                      className="css-view-1dbjc4n r-flexDirection-eqz5dr r-justifyContent-1wtj0ep"
                      style={
                        Object {
                          "WebkitAlignItems": "flex-end",
                          "WebkitBoxAlign": "end",
                          "alignItems": "flex-end",
                          "msFlexAlign": "end",
                        }
                      }
                    >
                      <div
                        className="css-view-1dbjc4n"
                        style={
                          Object {
                            "backgroundColor": "rgba(238,238,238,1.00)",
                            "borderBottomLeftRadius": "17px",
                            "borderBottomRightRadius": "17px",
                            "borderTopLeftRadius": "17px",
                            "borderTopRightRadius": "17px",
                            "height": "34px",
                            "width": "34px",
                          }
                        }
                      />
                    </div>
                  </div>
                </div>
              </div>
            </div>
          </div>
        </div>
        <div
          className="css-view-1dbjc4n"
        >
          <div
            className="css-view-1dbjc4n r-borderRadius-1xfd6ze r-boxShadow-1d1oby0 r-flexDirection-18u37iz r-marginHorizontal-1ybube5 r-marginTop-knv0ih"
          >
            <div
              className="css-view-1dbjc4n r-alignItems-1awozwy r-backgroundColor-14lw9ot r-borderRadius-1xfd6ze r-flex-13awgt0 r-justifyContent-1777fci r-overflow-1udh08x r-paddingLeft-1m04atk"
            >
              <div
                className="css-view-1dbjc4n r-height-1pi2tsx r-left-1d2f490 r-position-u8s1d r-right-zchlnj r-top-ipm5af r-width-5soawk"
                style={
                  Object {
                    "backgroundColor": "rgba(238,238,238,1.00)",
                    "backgroundImage": "url(feedListItemPattern.svg)",
                  }
                }
              />
              <div
                className="css-view-1dbjc4n r-alignItems-1awozwy r-flexDirection-18u37iz r-justifyContent-1777fci r-padding-tuq35u r-width-13qz1uu"
              >
                <div
                  className="css-view-1dbjc4n r-alignSelf-173mn98 r-flexDirection-eqz5dr r-justifyContent-1wtj0ep"
                  style={
                    Object {
                      "WebkitAlignItems": "flex-start",
                      "WebkitBoxAlign": "start",
                      "alignItems": "flex-start",
                      "msFlexAlign": "start",
                    }
                  }
                >
                  <div
                    className="css-view-1dbjc4n"
                    style={
                      Object {
                        "backgroundColor": "rgba(238,238,238,1.00)",
                        "borderBottomLeftRadius": "17px",
                        "borderBottomRightRadius": "17px",
                        "borderTopLeftRadius": "17px",
                        "borderTopRightRadius": "17px",
                        "height": "34px",
                        "width": "34px",
                      }
                    }
                  />
                </div>
                <div
                  className="css-view-1dbjc4n r-alignItems-1oszu61 r-flexDirection-eqz5dr r-flexGrow-16y2uox r-justifyContent-1wtj0ep r-marginLeft-13hce6t"
                >
                  <div
                    className="css-view-1dbjc4n r-alignItems-1awozwy r-borderBottomColor-1fn3lry r-borderBottomStyle-rull8r r-borderBottomWidth-wgabs5 r-flexDirection-18u37iz r-justifyContent-1wtj0ep r-marginBottom-15zivkp r-paddingBottom-iphfwy"
                  >
                    <div
                      className="css-view-1dbjc4n r-flexDirection-eqz5dr r-justifyContent-1wtj0ep"
                      style={
                        Object {
                          "WebkitAlignItems": "flex-start",
                          "WebkitBoxAlign": "start",
                          "alignItems": "flex-start",
                          "msFlexAlign": "start",
                        }
                      }
                    >
                      <div
                        className="css-view-1dbjc4n"
                        style={
                          Object {
                            "backgroundColor": "rgba(238,238,238,1.00)",
                            "height": "10px",
                            "width": "74px",
                          }
                        }
                      />
                    </div>
                  </div>
                  <div
                    className="css-view-1dbjc4n r-alignItems-1awozwy r-flexDirection-18u37iz r-justifyContent-1wtj0ep"
                  >
                    <div
                      className="css-view-1dbjc4n r-flexDirection-eqz5dr r-flexGrow-16y2uox r-justifyContent-1wtj0ep"
                      style={
                        Object {
                          "WebkitAlignItems": "flex-start",
                          "WebkitBoxAlign": "start",
                          "alignItems": "flex-start",
                          "msFlexAlign": "start",
                        }
                      }
                    >
                      <div
                        className="css-view-1dbjc4n r-alignItems-1awozwy r-flexDirection-18u37iz r-justifyContent-1wtj0ep"
                      >
                        <div
                          className="css-view-1dbjc4n"
                          style={
                            Object {
                              "backgroundColor": "rgba(238,238,238,1.00)",
                              "height": "18px",
                              "width": "120px",
                            }
                          }
                        />
                      </div>
                      <div
                        className="css-view-1dbjc4n r-alignItems-1awozwy r-flexDirection-18u37iz r-justifyContent-1wtj0ep"
                      >
                        <div
                          className="css-view-1dbjc4n r-marginTop-14gqq1x"
                          style={
                            Object {
                              "backgroundColor": "rgba(238,238,238,1.00)",
                              "height": "10px",
                              "width": "74px",
                            }
                          }
                        />
                      </div>
                    </div>
                    <div
                      className="css-view-1dbjc4n r-flexDirection-eqz5dr r-justifyContent-1wtj0ep"
                      style={
                        Object {
                          "WebkitAlignItems": "flex-end",
                          "WebkitBoxAlign": "end",
                          "alignItems": "flex-end",
                          "msFlexAlign": "end",
                        }
                      }
                    >
                      <div
                        className="css-view-1dbjc4n"
                        style={
                          Object {
                            "backgroundColor": "rgba(238,238,238,1.00)",
                            "borderBottomLeftRadius": "17px",
                            "borderBottomRightRadius": "17px",
                            "borderTopLeftRadius": "17px",
                            "borderTopRightRadius": "17px",
                            "height": "34px",
                            "width": "34px",
                          }
                        }
                      />
                    </div>
                  </div>
                </div>
              </div>
            </div>
          </div>
        </div>
        <div
          className="css-view-1dbjc4n"
        >
          <div
            className="css-view-1dbjc4n r-borderRadius-1xfd6ze r-boxShadow-1d1oby0 r-flexDirection-18u37iz r-marginHorizontal-1ybube5 r-marginTop-knv0ih"
          >
            <div
              className="css-view-1dbjc4n r-alignItems-1awozwy r-backgroundColor-14lw9ot r-borderRadius-1xfd6ze r-flex-13awgt0 r-justifyContent-1777fci r-overflow-1udh08x r-paddingLeft-1m04atk"
            >
              <div
                className="css-view-1dbjc4n r-height-1pi2tsx r-left-1d2f490 r-position-u8s1d r-right-zchlnj r-top-ipm5af r-width-5soawk"
                style={
                  Object {
                    "backgroundColor": "rgba(238,238,238,1.00)",
                    "backgroundImage": "url(feedListItemPattern.svg)",
                  }
                }
              />
              <div
                className="css-view-1dbjc4n r-alignItems-1awozwy r-flexDirection-18u37iz r-justifyContent-1777fci r-padding-tuq35u r-width-13qz1uu"
              >
                <div
                  className="css-view-1dbjc4n r-alignSelf-173mn98 r-flexDirection-eqz5dr r-justifyContent-1wtj0ep"
                  style={
                    Object {
                      "WebkitAlignItems": "flex-start",
                      "WebkitBoxAlign": "start",
                      "alignItems": "flex-start",
                      "msFlexAlign": "start",
                    }
                  }
                >
                  <div
                    className="css-view-1dbjc4n"
                    style={
                      Object {
                        "backgroundColor": "rgba(238,238,238,1.00)",
                        "borderBottomLeftRadius": "17px",
                        "borderBottomRightRadius": "17px",
                        "borderTopLeftRadius": "17px",
                        "borderTopRightRadius": "17px",
                        "height": "34px",
                        "width": "34px",
                      }
                    }
                  />
                </div>
                <div
                  className="css-view-1dbjc4n r-alignItems-1oszu61 r-flexDirection-eqz5dr r-flexGrow-16y2uox r-justifyContent-1wtj0ep r-marginLeft-13hce6t"
                >
                  <div
                    className="css-view-1dbjc4n r-alignItems-1awozwy r-borderBottomColor-1fn3lry r-borderBottomStyle-rull8r r-borderBottomWidth-wgabs5 r-flexDirection-18u37iz r-justifyContent-1wtj0ep r-marginBottom-15zivkp r-paddingBottom-iphfwy"
                  >
                    <div
                      className="css-view-1dbjc4n r-flexDirection-eqz5dr r-justifyContent-1wtj0ep"
                      style={
                        Object {
                          "WebkitAlignItems": "flex-start",
                          "WebkitBoxAlign": "start",
                          "alignItems": "flex-start",
                          "msFlexAlign": "start",
                        }
                      }
                    >
                      <div
                        className="css-view-1dbjc4n"
                        style={
                          Object {
                            "backgroundColor": "rgba(238,238,238,1.00)",
                            "height": "10px",
                            "width": "74px",
                          }
                        }
                      />
                    </div>
                  </div>
                  <div
                    className="css-view-1dbjc4n r-alignItems-1awozwy r-flexDirection-18u37iz r-justifyContent-1wtj0ep"
                  >
                    <div
                      className="css-view-1dbjc4n r-flexDirection-eqz5dr r-flexGrow-16y2uox r-justifyContent-1wtj0ep"
                      style={
                        Object {
                          "WebkitAlignItems": "flex-start",
                          "WebkitBoxAlign": "start",
                          "alignItems": "flex-start",
                          "msFlexAlign": "start",
                        }
                      }
                    >
                      <div
                        className="css-view-1dbjc4n r-alignItems-1awozwy r-flexDirection-18u37iz r-justifyContent-1wtj0ep"
                      >
                        <div
                          className="css-view-1dbjc4n"
                          style={
                            Object {
                              "backgroundColor": "rgba(238,238,238,1.00)",
                              "height": "18px",
                              "width": "120px",
                            }
                          }
                        />
                      </div>
                      <div
                        className="css-view-1dbjc4n r-alignItems-1awozwy r-flexDirection-18u37iz r-justifyContent-1wtj0ep"
                      >
                        <div
                          className="css-view-1dbjc4n r-marginTop-14gqq1x"
                          style={
                            Object {
                              "backgroundColor": "rgba(238,238,238,1.00)",
                              "height": "10px",
                              "width": "74px",
                            }
                          }
                        />
                      </div>
                    </div>
                    <div
                      className="css-view-1dbjc4n r-flexDirection-eqz5dr r-justifyContent-1wtj0ep"
                      style={
                        Object {
                          "WebkitAlignItems": "flex-end",
                          "WebkitBoxAlign": "end",
                          "alignItems": "flex-end",
                          "msFlexAlign": "end",
                        }
                      }
                    >
                      <div
                        className="css-view-1dbjc4n"
                        style={
                          Object {
                            "backgroundColor": "rgba(238,238,238,1.00)",
                            "borderBottomLeftRadius": "17px",
                            "borderBottomRightRadius": "17px",
                            "borderTopLeftRadius": "17px",
                            "borderTopRightRadius": "17px",
                            "height": "34px",
                            "width": "34px",
                          }
                        }
                      />
                    </div>
                  </div>
                </div>
              </div>
            </div>
          </div>
        </div>
      </div>
    </div>
  </div>
  <div
    className="css-view-1dbjc4n r-bottom-x89ehc r-height-1lh3azm r-position-u8s1d r-right-zchlnj r-width-1q42mak r-zIndex-1sg8ghl"
  >
    <div
      className="css-view-1dbjc4n"
      style={
        Object {
          "opacity": 0,
        }
      }
    >
      <div
        className="css-view-1dbjc4n r-cursor-1loqt21 r-touchAction-1otgn73 r-transitionProperty-1i6wzkk r-userSelect-lrvibr"
        onClick={[Function]}
        onContextMenu={[Function]}
        onKeyDown={[Function]}
        style={
          Object {
            "WebkitTransitionDuration": "0s",
            "transitionDuration": "0s",
          }
        }
        tabIndex="0"
      >
        <scrollToTop.svg />
      </div>
    </div>
  </div>
</div>
`;

exports[`FeedList Vertical rendering With feed data matches snapshot 1`] = `null`;
