// Jest Snapshot v1, https://goo.gl/fbAQLP

exports[`EventIcon - Receive matches snapshot 1`] = `
<div
  className="css-view-1dbjc4n"
/>
`;

exports[`EventIcon - Send matches snapshot 1`] = `
<div
  className="css-view-1dbjc4n"
/>
`;

exports[`EventIcon - Withdraw matches snapshot 1`] = `
<div
  className="css-view-1dbjc4n"
/>
`;

exports[`EventIcon - welcome matches snapshot 1`] = `
<div
  className="css-view-1dbjc4n"
/>
`;
