// Jest Snapshot v1, https://goo.gl/fbAQLP

exports[`FeedListItem - Send matches snapshot 1`] = `null`;

exports[`FeedListItem - Withdraw matches snapshot 1`] = `null`;
