// Jest Snapshot v1, https://goo.gl/fbAQLP

exports[`TabsView matches snapshot 1`] = `
<div
  className="css-view-1dbjc4n r-flex-13awgt0 r-pointerEvents-12vffkv"
>
  <div
    className="css-view-1dbjc4n r-paddingBottom-97e31f r-paddingLeft-bv2aro r-paddingRight-hxflta r-paddingTop-10xqauy"
    style={
      Object {
        "backgroundColor": "rgba(0,175,255,1.00)",
        "boxShadow": "0px 3px 4px rgba(0,0,0,0.24)",
        "zIndex": 0,
      }
    }
  >
    <div
      className="css-view-1dbjc4n r-alignItems-1awozwy"
      style={
        Object {
          "WebkitBoxDirection": "normal",
          "WebkitBoxOrient": "horizontal",
          "WebkitBoxPack": "justify",
          "WebkitFlexDirection": "row",
          "WebkitJustifyContent": "space-between",
          "backgroundColor": "rgba(0,175,255,1.00)",
          "display": "flex",
          "flexDirection": "row",
          "height": "56px",
          "justifyContent": "space-between",
          "msFlexDirection": "row",
          "msFlexPack": "justify",
          "overflowX": "hidden",
          "overflowY": "hidden",
          "paddingLeft": "4px",
          "paddingRight": "4px",
        }
      }
    >
      <div
        className="css-view-1dbjc4n r-alignItems-1awozwy r-justifyContent-1777fci"
        style={
          Object {
            "WebkitBoxDirection": "normal",
            "WebkitBoxOrient": "horizontal",
            "WebkitFlexDirection": "row",
            "flexDirection": "row",
            "msFlexDirection": "row",
          }
        }
      >
        <div
          className="css-view-1dbjc4n r-alignItems-1awozwy r-cursor-1loqt21 r-flex-13awgt0 r-flexDirection-eqz5dr r-touchAction-1otgn73 r-transitionProperty-1i6wzkk r-userSelect-lrvibr"
          onClick={[Function]}
          onContextMenu={[Function]}
          onKeyDown={[Function]}
          style={
            Object {
              "WebkitTransitionDuration": "0s",
              "marginLeft": "8px",
              "transitionDuration": "0s",
            }
          }
          tabIndex="0"
        >
          <div
            className="css-view-1dbjc4n r-alignItems-1awozwy r-justifyContent-1777fci"
            style={
              Object {
                "backgroundColor": "rgba(0,0,0,0.00)",
              }
            }
          >
            <div
              className="css-text-901oao"
              dir="auto"
              style={
                Object {
                  "color": "rgba(255,255,255,1.00)",
                  "fontFamily": "gooddollar",
                  "fontSize": "16px",
                  "fontStyle": "normal",
                  "fontWeight": "normal",
                }
              }
            >
              
            </div>
          </div>
        </div>
        <div
          className="css-view-1dbjc4n"
          style={
            Object {
              "marginLeft": "4px",
              "marginRight": "4px",
            }
          }
        >
          <ellipse46.svg />
        </div>
        <div
          className="css-text-901oao r-color-jwli3a r-fontFamily-vnw8o6 r-fontSize-10x49cs r-fontWeight-b88u0q r-lineHeight-1f529hi r-textAlign-q4m81j r-textDecorationLine-13wfysu r-textTransform-3twk1y"
          dir="auto"
        >
          DEVELOP
        </div>
      </div>
      <div
        className="css-view-1dbjc4n"
        style={
          Object {
            "marginLeft": "-50px",
            "width": "100px",
          }
        }
      >
        <goodwallet.svg />
      </div>
      <div
        className="css-view-1dbjc4n r-cursor-1loqt21 r-touchAction-1otgn73 r-transitionProperty-1i6wzkk r-userSelect-lrvibr"
        onClick={[Function]}
        onContextMenu={[Function]}
        onKeyDown={[Function]}
        style={
          Object {
            "WebkitAlignItems": "flex-end",
            "WebkitBoxAlign": "end",
            "WebkitTransitionDuration": "0s",
            "alignItems": "flex-end",
            "msFlexAlign": "end",
            "transitionDuration": "0s",
            "width": "37px",
          }
        }
        tabIndex="0"
      >
        <div
          className="css-text-901oao r-color-jwli3a"
          dir="auto"
          style={
            Object {
              "fontFamily": "gooddollar",
              "fontSize": "20px",
              "fontStyle": "normal",
              "fontWeight": "normal",
              "marginRight": "10px",
            }
          }
        >
          
        </div>
      </div>
    </div>
  </div>
</div>
`;
