// Jest Snapshot v1, https://goo.gl/fbAQLP

exports[`FaceVerificationDuplicateError matches snapshot 1`] = `
<div
  className="css-view-1dbjc4n"
  style={
    Object {
      "WebkitBoxFlex": 1,
      "WebkitFlexBasis": "0%",
      "WebkitFlexGrow": 1,
      "WebkitFlexShrink": 1,
      "flexBasis": "0%",
      "flexGrow": 1,
      "flexShrink": 1,
      "msFlexNegative": 1,
      "msFlexPositive": 1,
      "msFlexPreferredSize": "0%",
    }
  }
>
  <div
    className="css-view-1dbjc4n"
    style={
      Object {
        "WebkitBoxPack": "center",
        "WebkitJustifyContent": "center",
        "display": "flex",
        "height": "100%",
        "justifyContent": "center",
        "marginBottom": "auto",
        "marginTop": "auto",
        "msFlexPack": "center",
      }
    }
  >
    <div
      className="css-view-1dbjc4n"
      style={
        Object {
          "WebkitFlexBasis": "auto",
          "flexBasis": "auto",
          "height": "149.61038961038963px",
          "marginBottom": "16px",
          "msFlexPreferredSize": "auto",
          "overflowX": "hidden",
          "overflowY": "hidden",
          "width": "100%",
          "zIndex": 0,
        }
      }
    >
      <div
        className="css-view-1dbjc4n"
        style={
          Object {
            "backgroundColor": "rgba(0,0,0,0.00)",
            "backgroundImage": "url(\\"FRClipboardPremissionError.svg\\")",
            "backgroundPosition": "center",
            "backgroundRepeat": "no-repeat",
            "backgroundSize": "contain",
            "bottom": "0px",
            "height": "100%",
            "left": "0px",
            "position": "absolute",
            "right": "0px",
            "top": "0px",
            "width": "100%",
            "zIndex": -1,
          }
        }
      />
      <img
        alt=""
        className="css-accessibilityImage-9pa8cd"
        draggable={false}
        src="FRClipboardPremissionError.svg"
      />
    </div>
    <div
      className="css-text-901oao"
      dir="auto"
      style={
        Object {
          "color": "rgba(66,69,74,1.00)",
          "direction": "ltr",
          "fontFamily": "Roboto Slab",
          "fontSize": "24px",
          "fontWeight": "700",
          "lineHeight": "30px",
          "marginBottom": "8px",
          "textAlign": "center",
          "textDecoration": "none",
          "textTransform": "none",
        }
      }
    >
      Please enable clipboard permission
    </div>
    <div
      className="css-text-901oao"
      dir="auto"
      style={
        Object {
          "color": "rgba(66,69,74,1.00)",
          "direction": "ltr",
          "fontFamily": "Roboto",
          "fontSize": "16px",
          "fontWeight": "normal",
          "lineHeight": "22px",
          "textAlign": "center",
          "textDecoration": "none",
          "textTransform": "none",
        }
      }
    >
      Change it via your device settings
    </div>
  </div>
</div>
`;
