// Jest Snapshot v1, https://goo.gl/fbAQLP

exports[`BigGoodDollar matches snapshot 1`] = `
<div
  className="css-view-1dbjc4n"
  style={
    Object {
      "display": "inline-block",
    }
  }
>
  <div
    className="css-text-76zvg2"
    dir="auto"
    style={
      Object {
        "color": "rgba(85,85,85,1.00)",
        "direction": "ltr",
        "fontFamily": "Roboto, \\"Helvetica Neue\\", Helvetica, Arial, sans-serif",
        "fontSize": "30px",
        "textAlign": "right",
      }
    }
  >
    10.05
  </div>
  <div
    className="css-text-76zvg2"
    dir="auto"
    style={
      Object {
        "color": "rgba(85,85,85,1.00)",
        "direction": "ltr",
        "fontFamily": "Roboto, \\"Helvetica Neue\\", Helvetica, Arial, sans-serif",
        "fontSize": "18px",
        "textAlign": "right",
      }
    }
  >
    G$
  </div>
</div>
`;
