// Jest Snapshot v1, https://goo.gl/fbAQLP

exports[`NumPadKeyboard matches snapshot 1`] = `
<div
  className="css-view-1dbjc4n"
  style={
    Object {
      "display": "flex",
      "paddingBottom": "10px",
      "paddingLeft": "10px",
      "paddingRight": "10px",
      "paddingTop": "10px",
    }
  }
>
  <div
    className="css-view-1dbjc4n"
    style={
      Object {
        "WebkitAlignItems": "center",
        "WebkitBoxAlign": "center",
        "WebkitBoxDirection": "normal",
        "WebkitBoxOrient": "horizontal",
        "WebkitBoxPack": "justify",
        "WebkitFlexDirection": "row",
        "WebkitJustifyContent": "space-between",
        "alignItems": "center",
        "display": "flex",
        "flexDirection": "row",
        "justifyContent": "space-between",
        "msFlexAlign": "center",
        "msFlexDirection": "row",
        "msFlexPack": "justify",
      }
    }
  >
    <div
      className="css-view-1dbjc4n"
      data-focusable={true}
      onKeyDown={[Function]}
      onKeyUp={[Function]}
      onResponderGrant={[Function]}
      onResponderMove={[Function]}
      onResponderRelease={[Function]}
      onResponderTerminate={[Function]}
      onResponderTerminationRequest={[Function]}
      onStartShouldSetResponder={[Function]}
      style={
        Object {
          "MozUserSelect": "none",
          "WebkitAlignItems": "center",
          "WebkitBoxAlign": "center",
          "WebkitBoxFlex": 1,
          "WebkitFlexBasis": "0%",
          "WebkitFlexGrow": 1,
          "WebkitFlexShrink": 1,
          "WebkitUserSelect": "none",
          "alignItems": "center",
          "backgroundColor": "rgba(0,0,0,0.00)",
          "cursor": "pointer",
          "display": "flex",
          "flexBasis": "0%",
          "flexGrow": 1,
          "flexShrink": 1,
          "msFlexAlign": "center",
          "msFlexNegative": 1,
          "msFlexPositive": 1,
          "msFlexPreferredSize": "0%",
          "msTouchAction": "manipulation",
          "msUserSelect": "none",
          "paddingBottom": "15px",
          "paddingLeft": "15px",
          "paddingRight": "15px",
          "paddingTop": "15px",
          "touchAction": "manipulation",
          "userSelect": "none",
        }
      }
      tabIndex="0"
    >
      <div
        className="css-text-76zvg2"
        dir="auto"
        style={
          Object {
            "color": "rgba(66,69,74,1.00)",
            "fontFamily": "RobotoSlab-Bold",
            "fontSize": "20px",
            "fontWeight": 700,
          }
        }
      >
        1
      </div>
    </div>
    <div
      className="css-view-1dbjc4n"
      data-focusable={true}
      onKeyDown={[Function]}
      onKeyUp={[Function]}
      onResponderGrant={[Function]}
      onResponderMove={[Function]}
      onResponderRelease={[Function]}
      onResponderTerminate={[Function]}
      onResponderTerminationRequest={[Function]}
      onStartShouldSetResponder={[Function]}
      style={
        Object {
          "MozUserSelect": "none",
          "WebkitAlignItems": "center",
          "WebkitBoxAlign": "center",
          "WebkitBoxFlex": 1,
          "WebkitFlexBasis": "0%",
          "WebkitFlexGrow": 1,
          "WebkitFlexShrink": 1,
          "WebkitUserSelect": "none",
          "alignItems": "center",
          "backgroundColor": "rgba(0,0,0,0.00)",
          "cursor": "pointer",
          "display": "flex",
          "flexBasis": "0%",
          "flexGrow": 1,
          "flexShrink": 1,
          "msFlexAlign": "center",
          "msFlexNegative": 1,
          "msFlexPositive": 1,
          "msFlexPreferredSize": "0%",
          "msTouchAction": "manipulation",
          "msUserSelect": "none",
          "paddingBottom": "15px",
          "paddingLeft": "15px",
          "paddingRight": "15px",
          "paddingTop": "15px",
          "touchAction": "manipulation",
          "userSelect": "none",
        }
      }
      tabIndex="0"
    >
      <div
        className="css-text-76zvg2"
        dir="auto"
        style={
          Object {
            "color": "rgba(66,69,74,1.00)",
            "fontFamily": "RobotoSlab-Bold",
            "fontSize": "20px",
            "fontWeight": 700,
          }
        }
      >
        2
      </div>
    </div>
    <div
      className="css-view-1dbjc4n"
      data-focusable={true}
      onKeyDown={[Function]}
      onKeyUp={[Function]}
      onResponderGrant={[Function]}
      onResponderMove={[Function]}
      onResponderRelease={[Function]}
      onResponderTerminate={[Function]}
      onResponderTerminationRequest={[Function]}
      onStartShouldSetResponder={[Function]}
      style={
        Object {
          "MozUserSelect": "none",
          "WebkitAlignItems": "center",
          "WebkitBoxAlign": "center",
          "WebkitBoxFlex": 1,
          "WebkitFlexBasis": "0%",
          "WebkitFlexGrow": 1,
          "WebkitFlexShrink": 1,
          "WebkitUserSelect": "none",
          "alignItems": "center",
          "backgroundColor": "rgba(0,0,0,0.00)",
          "cursor": "pointer",
          "display": "flex",
          "flexBasis": "0%",
          "flexGrow": 1,
          "flexShrink": 1,
          "msFlexAlign": "center",
          "msFlexNegative": 1,
          "msFlexPositive": 1,
          "msFlexPreferredSize": "0%",
          "msTouchAction": "manipulation",
          "msUserSelect": "none",
          "paddingBottom": "15px",
          "paddingLeft": "15px",
          "paddingRight": "15px",
          "paddingTop": "15px",
          "touchAction": "manipulation",
          "userSelect": "none",
        }
      }
      tabIndex="0"
    >
      <div
        className="css-text-76zvg2"
        dir="auto"
        style={
          Object {
            "color": "rgba(66,69,74,1.00)",
            "fontFamily": "RobotoSlab-Bold",
            "fontSize": "20px",
            "fontWeight": 700,
          }
        }
      >
        3
      </div>
    </div>
  </div>
  <div
    className="css-view-1dbjc4n"
    style={
      Object {
        "WebkitAlignItems": "center",
        "WebkitBoxAlign": "center",
        "WebkitBoxDirection": "normal",
        "WebkitBoxOrient": "horizontal",
        "WebkitBoxPack": "justify",
        "WebkitFlexDirection": "row",
        "WebkitJustifyContent": "space-between",
        "alignItems": "center",
        "display": "flex",
        "flexDirection": "row",
        "justifyContent": "space-between",
        "msFlexAlign": "center",
        "msFlexDirection": "row",
        "msFlexPack": "justify",
      }
    }
  >
    <div
      className="css-view-1dbjc4n"
      data-focusable={true}
      onKeyDown={[Function]}
      onKeyUp={[Function]}
      onResponderGrant={[Function]}
      onResponderMove={[Function]}
      onResponderRelease={[Function]}
      onResponderTerminate={[Function]}
      onResponderTerminationRequest={[Function]}
      onStartShouldSetResponder={[Function]}
      style={
        Object {
          "MozUserSelect": "none",
          "WebkitAlignItems": "center",
          "WebkitBoxAlign": "center",
          "WebkitBoxFlex": 1,
          "WebkitFlexBasis": "0%",
          "WebkitFlexGrow": 1,
          "WebkitFlexShrink": 1,
          "WebkitUserSelect": "none",
          "alignItems": "center",
          "backgroundColor": "rgba(0,0,0,0.00)",
          "cursor": "pointer",
          "display": "flex",
          "flexBasis": "0%",
          "flexGrow": 1,
          "flexShrink": 1,
          "msFlexAlign": "center",
          "msFlexNegative": 1,
          "msFlexPositive": 1,
          "msFlexPreferredSize": "0%",
          "msTouchAction": "manipulation",
          "msUserSelect": "none",
          "paddingBottom": "15px",
          "paddingLeft": "15px",
          "paddingRight": "15px",
          "paddingTop": "15px",
          "touchAction": "manipulation",
          "userSelect": "none",
        }
      }
      tabIndex="0"
    >
      <div
        className="css-text-76zvg2"
        dir="auto"
        style={
          Object {
            "color": "rgba(66,69,74,1.00)",
            "fontFamily": "RobotoSlab-Bold",
            "fontSize": "20px",
            "fontWeight": 700,
          }
        }
      >
        4
      </div>
    </div>
    <div
      className="css-view-1dbjc4n"
      data-focusable={true}
      onKeyDown={[Function]}
      onKeyUp={[Function]}
      onResponderGrant={[Function]}
      onResponderMove={[Function]}
      onResponderRelease={[Function]}
      onResponderTerminate={[Function]}
      onResponderTerminationRequest={[Function]}
      onStartShouldSetResponder={[Function]}
      style={
        Object {
          "MozUserSelect": "none",
          "WebkitAlignItems": "center",
          "WebkitBoxAlign": "center",
          "WebkitBoxFlex": 1,
          "WebkitFlexBasis": "0%",
          "WebkitFlexGrow": 1,
          "WebkitFlexShrink": 1,
          "WebkitUserSelect": "none",
          "alignItems": "center",
          "backgroundColor": "rgba(0,0,0,0.00)",
          "cursor": "pointer",
          "display": "flex",
          "flexBasis": "0%",
          "flexGrow": 1,
          "flexShrink": 1,
          "msFlexAlign": "center",
          "msFlexNegative": 1,
          "msFlexPositive": 1,
          "msFlexPreferredSize": "0%",
          "msTouchAction": "manipulation",
          "msUserSelect": "none",
          "paddingBottom": "15px",
          "paddingLeft": "15px",
          "paddingRight": "15px",
          "paddingTop": "15px",
          "touchAction": "manipulation",
          "userSelect": "none",
        }
      }
      tabIndex="0"
    >
      <div
        className="css-text-76zvg2"
        dir="auto"
        style={
          Object {
            "color": "rgba(66,69,74,1.00)",
            "fontFamily": "RobotoSlab-Bold",
            "fontSize": "20px",
            "fontWeight": 700,
          }
        }
      >
        5
      </div>
    </div>
    <div
      className="css-view-1dbjc4n"
      data-focusable={true}
      onKeyDown={[Function]}
      onKeyUp={[Function]}
      onResponderGrant={[Function]}
      onResponderMove={[Function]}
      onResponderRelease={[Function]}
      onResponderTerminate={[Function]}
      onResponderTerminationRequest={[Function]}
      onStartShouldSetResponder={[Function]}
      style={
        Object {
          "MozUserSelect": "none",
          "WebkitAlignItems": "center",
          "WebkitBoxAlign": "center",
          "WebkitBoxFlex": 1,
          "WebkitFlexBasis": "0%",
          "WebkitFlexGrow": 1,
          "WebkitFlexShrink": 1,
          "WebkitUserSelect": "none",
          "alignItems": "center",
          "backgroundColor": "rgba(0,0,0,0.00)",
          "cursor": "pointer",
          "display": "flex",
          "flexBasis": "0%",
          "flexGrow": 1,
          "flexShrink": 1,
          "msFlexAlign": "center",
          "msFlexNegative": 1,
          "msFlexPositive": 1,
          "msFlexPreferredSize": "0%",
          "msTouchAction": "manipulation",
          "msUserSelect": "none",
          "paddingBottom": "15px",
          "paddingLeft": "15px",
          "paddingRight": "15px",
          "paddingTop": "15px",
          "touchAction": "manipulation",
          "userSelect": "none",
        }
      }
      tabIndex="0"
    >
      <div
        className="css-text-76zvg2"
        dir="auto"
        style={
          Object {
            "color": "rgba(66,69,74,1.00)",
            "fontFamily": "RobotoSlab-Bold",
            "fontSize": "20px",
            "fontWeight": 700,
          }
        }
      >
        6
      </div>
    </div>
  </div>
  <div
    className="css-view-1dbjc4n"
    style={
      Object {
        "WebkitAlignItems": "center",
        "WebkitBoxAlign": "center",
        "WebkitBoxDirection": "normal",
        "WebkitBoxOrient": "horizontal",
        "WebkitBoxPack": "justify",
        "WebkitFlexDirection": "row",
        "WebkitJustifyContent": "space-between",
        "alignItems": "center",
        "display": "flex",
        "flexDirection": "row",
        "justifyContent": "space-between",
        "msFlexAlign": "center",
        "msFlexDirection": "row",
        "msFlexPack": "justify",
      }
    }
  >
    <div
      className="css-view-1dbjc4n"
      data-focusable={true}
      onKeyDown={[Function]}
      onKeyUp={[Function]}
      onResponderGrant={[Function]}
      onResponderMove={[Function]}
      onResponderRelease={[Function]}
      onResponderTerminate={[Function]}
      onResponderTerminationRequest={[Function]}
      onStartShouldSetResponder={[Function]}
      style={
        Object {
          "MozUserSelect": "none",
          "WebkitAlignItems": "center",
          "WebkitBoxAlign": "center",
          "WebkitBoxFlex": 1,
          "WebkitFlexBasis": "0%",
          "WebkitFlexGrow": 1,
          "WebkitFlexShrink": 1,
          "WebkitUserSelect": "none",
          "alignItems": "center",
          "backgroundColor": "rgba(0,0,0,0.00)",
          "cursor": "pointer",
          "display": "flex",
          "flexBasis": "0%",
          "flexGrow": 1,
          "flexShrink": 1,
          "msFlexAlign": "center",
          "msFlexNegative": 1,
          "msFlexPositive": 1,
          "msFlexPreferredSize": "0%",
          "msTouchAction": "manipulation",
          "msUserSelect": "none",
          "paddingBottom": "15px",
          "paddingLeft": "15px",
          "paddingRight": "15px",
          "paddingTop": "15px",
          "touchAction": "manipulation",
          "userSelect": "none",
        }
      }
      tabIndex="0"
    >
      <div
        className="css-text-76zvg2"
        dir="auto"
        style={
          Object {
            "color": "rgba(66,69,74,1.00)",
            "fontFamily": "RobotoSlab-Bold",
            "fontSize": "20px",
            "fontWeight": 700,
          }
        }
      >
        7
      </div>
    </div>
    <div
      className="css-view-1dbjc4n"
      data-focusable={true}
      onKeyDown={[Function]}
      onKeyUp={[Function]}
      onResponderGrant={[Function]}
      onResponderMove={[Function]}
      onResponderRelease={[Function]}
      onResponderTerminate={[Function]}
      onResponderTerminationRequest={[Function]}
      onStartShouldSetResponder={[Function]}
      style={
        Object {
          "MozUserSelect": "none",
          "WebkitAlignItems": "center",
          "WebkitBoxAlign": "center",
          "WebkitBoxFlex": 1,
          "WebkitFlexBasis": "0%",
          "WebkitFlexGrow": 1,
          "WebkitFlexShrink": 1,
          "WebkitUserSelect": "none",
          "alignItems": "center",
          "backgroundColor": "rgba(0,0,0,0.00)",
          "cursor": "pointer",
          "display": "flex",
          "flexBasis": "0%",
          "flexGrow": 1,
          "flexShrink": 1,
          "msFlexAlign": "center",
          "msFlexNegative": 1,
          "msFlexPositive": 1,
          "msFlexPreferredSize": "0%",
          "msTouchAction": "manipulation",
          "msUserSelect": "none",
          "paddingBottom": "15px",
          "paddingLeft": "15px",
          "paddingRight": "15px",
          "paddingTop": "15px",
          "touchAction": "manipulation",
          "userSelect": "none",
        }
      }
      tabIndex="0"
    >
      <div
        className="css-text-76zvg2"
        dir="auto"
        style={
          Object {
            "color": "rgba(66,69,74,1.00)",
            "fontFamily": "RobotoSlab-Bold",
            "fontSize": "20px",
            "fontWeight": 700,
          }
        }
      >
        8
      </div>
    </div>
    <div
      className="css-view-1dbjc4n"
      data-focusable={true}
      onKeyDown={[Function]}
      onKeyUp={[Function]}
      onResponderGrant={[Function]}
      onResponderMove={[Function]}
      onResponderRelease={[Function]}
      onResponderTerminate={[Function]}
      onResponderTerminationRequest={[Function]}
      onStartShouldSetResponder={[Function]}
      style={
        Object {
          "MozUserSelect": "none",
          "WebkitAlignItems": "center",
          "WebkitBoxAlign": "center",
          "WebkitBoxFlex": 1,
          "WebkitFlexBasis": "0%",
          "WebkitFlexGrow": 1,
          "WebkitFlexShrink": 1,
          "WebkitUserSelect": "none",
          "alignItems": "center",
          "backgroundColor": "rgba(0,0,0,0.00)",
          "cursor": "pointer",
          "display": "flex",
          "flexBasis": "0%",
          "flexGrow": 1,
          "flexShrink": 1,
          "msFlexAlign": "center",
          "msFlexNegative": 1,
          "msFlexPositive": 1,
          "msFlexPreferredSize": "0%",
          "msTouchAction": "manipulation",
          "msUserSelect": "none",
          "paddingBottom": "15px",
          "paddingLeft": "15px",
          "paddingRight": "15px",
          "paddingTop": "15px",
          "touchAction": "manipulation",
          "userSelect": "none",
        }
      }
      tabIndex="0"
    >
      <div
        className="css-text-76zvg2"
        dir="auto"
        style={
          Object {
            "color": "rgba(66,69,74,1.00)",
            "fontFamily": "RobotoSlab-Bold",
            "fontSize": "20px",
            "fontWeight": 700,
          }
        }
      >
        9
      </div>
    </div>
  </div>
  <div
    className="css-view-1dbjc4n"
    style={
      Object {
        "WebkitAlignItems": "center",
        "WebkitBoxAlign": "center",
        "WebkitBoxDirection": "normal",
        "WebkitBoxOrient": "horizontal",
        "WebkitBoxPack": "justify",
        "WebkitFlexDirection": "row",
        "WebkitJustifyContent": "space-between",
        "alignItems": "center",
        "display": "flex",
        "flexDirection": "row",
        "justifyContent": "space-between",
        "msFlexAlign": "center",
        "msFlexDirection": "row",
        "msFlexPack": "justify",
      }
    }
  >
    <div
      className="css-view-1dbjc4n"
      data-focusable={true}
      onKeyDown={[Function]}
      onKeyUp={[Function]}
      onResponderGrant={[Function]}
      onResponderMove={[Function]}
      onResponderRelease={[Function]}
      onResponderTerminate={[Function]}
      onResponderTerminationRequest={[Function]}
      onStartShouldSetResponder={[Function]}
      style={
        Object {
          "MozUserSelect": "none",
          "WebkitAlignItems": "center",
          "WebkitBoxAlign": "center",
          "WebkitBoxFlex": 1,
          "WebkitFlexBasis": "0%",
          "WebkitFlexGrow": 1,
          "WebkitFlexShrink": 1,
          "WebkitUserSelect": "none",
          "alignItems": "center",
          "backgroundColor": "rgba(0,0,0,0.00)",
          "cursor": "pointer",
          "display": "flex",
          "flexBasis": "0%",
          "flexGrow": 1,
          "flexShrink": 1,
          "msFlexAlign": "center",
          "msFlexNegative": 1,
          "msFlexPositive": 1,
          "msFlexPreferredSize": "0%",
          "msTouchAction": "manipulation",
          "msUserSelect": "none",
          "paddingBottom": "15px",
          "paddingLeft": "15px",
          "paddingRight": "15px",
          "paddingTop": "15px",
          "touchAction": "manipulation",
          "userSelect": "none",
        }
      }
      tabIndex="0"
    >
      <div
        className="css-text-76zvg2"
        dir="auto"
        style={
          Object {
            "color": "rgba(66,69,74,1.00)",
            "fontFamily": "RobotoSlab-Bold",
            "fontSize": "20px",
            "fontWeight": 700,
          }
        }
      >
        .
      </div>
    </div>
    <div
      className="css-view-1dbjc4n"
      data-focusable={true}
      onKeyDown={[Function]}
      onKeyUp={[Function]}
      onResponderGrant={[Function]}
      onResponderMove={[Function]}
      onResponderRelease={[Function]}
      onResponderTerminate={[Function]}
      onResponderTerminationRequest={[Function]}
      onStartShouldSetResponder={[Function]}
      style={
        Object {
          "MozUserSelect": "none",
          "WebkitAlignItems": "center",
          "WebkitBoxAlign": "center",
          "WebkitBoxFlex": 1,
          "WebkitFlexBasis": "0%",
          "WebkitFlexGrow": 1,
          "WebkitFlexShrink": 1,
          "WebkitUserSelect": "none",
          "alignItems": "center",
          "backgroundColor": "rgba(0,0,0,0.00)",
          "cursor": "pointer",
          "display": "flex",
          "flexBasis": "0%",
          "flexGrow": 1,
          "flexShrink": 1,
          "msFlexAlign": "center",
          "msFlexNegative": 1,
          "msFlexPositive": 1,
          "msFlexPreferredSize": "0%",
          "msTouchAction": "manipulation",
          "msUserSelect": "none",
          "paddingBottom": "15px",
          "paddingLeft": "15px",
          "paddingRight": "15px",
          "paddingTop": "15px",
          "touchAction": "manipulation",
          "userSelect": "none",
        }
      }
      tabIndex="0"
    >
      <div
        className="css-text-76zvg2"
        dir="auto"
        style={
          Object {
            "color": "rgba(66,69,74,1.00)",
            "fontFamily": "RobotoSlab-Bold",
            "fontSize": "20px",
            "fontWeight": 700,
          }
        }
      >
        0
      </div>
    </div>
    <div
      className="css-view-1dbjc4n"
      data-focusable={true}
      onKeyDown={[Function]}
      onKeyUp={[Function]}
      onResponderGrant={[Function]}
      onResponderMove={[Function]}
      onResponderRelease={[Function]}
      onResponderTerminate={[Function]}
      onResponderTerminationRequest={[Function]}
      onStartShouldSetResponder={[Function]}
      style={
        Object {
          "MozUserSelect": "none",
          "WebkitAlignItems": "center",
          "WebkitBoxAlign": "center",
          "WebkitBoxFlex": 1,
          "WebkitFlexBasis": "0%",
          "WebkitFlexGrow": 1,
          "WebkitFlexShrink": 1,
          "WebkitUserSelect": "none",
          "alignItems": "center",
          "backgroundColor": "rgba(0,0,0,0.00)",
          "cursor": "pointer",
          "display": "flex",
          "flexBasis": "0%",
          "flexGrow": 1,
          "flexShrink": 1,
          "msFlexAlign": "center",
          "msFlexNegative": 1,
          "msFlexPositive": 1,
          "msFlexPreferredSize": "0%",
          "msTouchAction": "manipulation",
          "msUserSelect": "none",
          "paddingBottom": "15px",
          "paddingLeft": "15px",
          "paddingRight": "15px",
          "paddingTop": "15px",
          "touchAction": "manipulation",
          "userSelect": "none",
        }
      }
      tabIndex="0"
    >
      <div
        className="css-view-1dbjc4n"
        style={
          Object {
            "backgroundImage": "url(backKeyboardButton.png)",
            "backgroundRepeat": "no-repeat",
            "backgroundSize": "contain",
            "cursor": "pointer",
            "height": "25px",
            "width": "25px",
          }
        }
      />
    </div>
  </div>
</div>
`;
