// Jest Snapshot v1, https://goo.gl/fbAQLP

exports[`ProfileDataTable matches snapshot 1`] = `
<div
  className="css-view-1dbjc4n r-flex-13awgt0 r-pointerEvents-12vffkv"
>
  <div
    className="css-view-1dbjc4n r-alignItems-1awozwy r-flexDirection-18u37iz r-justifyContent-1wtj0ep"
    style={
      Object {
        "WebkitBoxFlex": 1,
        "WebkitFlexGrow": 1,
        "flexGrow": 1,
        "msFlexPositive": 1,
      }
    }
  />
</div>
`;

exports[`ProfileDataTable matches snapshot editable 1`] = `
<div
  className="css-view-1dbjc4n r-flex-13awgt0 r-pointerEvents-12vffkv"
>
  <div
    className="css-view-1dbjc4n r-alignItems-1awozwy r-flexDirection-18u37iz r-justifyContent-1wtj0ep"
    style={
      Object {
        "WebkitBoxFlex": 1,
        "WebkitFlexGrow": 1,
        "flexGrow": 1,
        "msFlexPositive": 1,
      }
    }
  />
</div>
`;

exports[`ProfileDataTable matches snapshot editable with errors 1`] = `
<div
  className="css-view-1dbjc4n r-flex-13awgt0 r-pointerEvents-12vffkv"
>
  <div
    className="css-view-1dbjc4n r-alignItems-1awozwy r-flexDirection-18u37iz r-justifyContent-1wtj0ep"
    style={
      Object {
        "WebkitBoxFlex": 1,
        "WebkitFlexGrow": 1,
        "flexGrow": 1,
        "msFlexPositive": 1,
      }
    }
  />
</div>
`;
