// Jest Snapshot v1, https://goo.gl/fbAQLP

exports[`Address matches snapshot 1`] = `
<div
  className="css-text-901oao"
  dir="auto"
/>
`;
