// Jest Snapshot v1, https://goo.gl/fbAQLP

exports[`BigGoodDollar matches snapshot 1`] = `
<div
  className="css-view-1dbjc4n"
  style={
    Object {
      "WebkitBoxFlex": 1,
      "WebkitFlexBasis": "0%",
      "WebkitFlexGrow": 1,
      "WebkitFlexShrink": 1,
      "flexBasis": "0%",
      "flexGrow": 1,
      "flexShrink": 1,
      "msFlexNegative": 1,
      "msFlexPositive": 1,
      "msFlexPreferredSize": "0%",
    }
  }
>
  <div
    className="css-view-1dbjc4n"
    style={
      Object {
        "WebkitAlignItems": "baseline",
        "WebkitBoxAlign": "baseline",
        "WebkitBoxDirection": "normal",
        "WebkitBoxOrient": "horizontal",
        "WebkitFlexDirection": "row",
        "alignItems": "baseline",
        "display": "flex",
        "flexDirection": "row",
        "msFlexAlign": "baseline",
        "msFlexDirection": "row",
      }
    }
  >
    <div
      className="css-text-901oao"
      dir="auto"
      style={
        Object {
          "color": "rgba(85,85,85,1.00)",
          "direction": "ltr",
          "fontFamily": "Roboto Slab",
          "fontSize": "36px",
          "fontWeight": "700",
          "lineHeight": "30px",
          "marginRight": "2px",
          "textAlign": "right",
          "textDecoration": "none",
          "textTransform": "none",
        }
      }
    >
      10.05
    </div>
    <div
      className="css-view-1dbjc4n"
      style={
        Object {
          "WebkitAlignItems": "center",
          "WebkitBoxAlign": "center",
          "WebkitBoxDirection": "normal",
          "WebkitBoxOrient": "horizontal",
          "WebkitBoxPack": "justify",
          "WebkitFlexDirection": "row",
          "WebkitJustifyContent": "space-between",
          "alignItems": "center",
          "flexDirection": "row",
          "justifyContent": "space-between",
          "msFlexAlign": "center",
          "msFlexDirection": "row",
          "msFlexPack": "justify",
        }
      }
    >
      <div
        className="css-text-901oao"
        dir="auto"
        style={
          Object {
            "color": "rgba(85,85,85,1.00)",
            "direction": "ltr",
            "fontFamily": "Roboto Slab",
            "fontSize": "18px",
            "fontWeight": "700",
            "lineHeight": "22px",
            "textAlign": "right",
            "textDecoration": "none",
            "textTransform": "none",
          }
        }
      >
        G
      </div>
      <div
        className="css-text-901oao"
        dir="auto"
        style={
          Object {
            "color": "rgba(85,85,85,1.00)",
            "direction": "ltr",
            "fontFamily": "Roboto Slab",
            "fontSize": "18px",
            "fontWeight": "700",
            "lineHeight": "22px",
            "textAlign": "right",
            "textDecoration": "none",
            "textTransform": "none",
          }
        }
      >
        $
      </div>
    </div>
  </div>
</div>
`;
