// Jest Snapshot v1, https://goo.gl/fbAQLP

exports[`BigNumber matches snapshot 1`] = `
<div
  className="css-view-1dbjc4n r-flex-13awgt0 r-pointerEvents-12vffkv"
>
  <div
    className="css-view-1dbjc4n r-alignItems-1awozwy r-display-6koalj r-flexDirection-18u37iz"
  >
    <div
      className="css-text-901oao r-color-181bzza r-fontFamily-6jnb14 r-fontSize-hiw28u r-fontWeight-b88u0q r-lineHeight-qvk6io r-marginRight-a5pmau r-textAlign-1ff274t r-textDecorationLine-13wfysu r-textTransform-3twk1y"
      dir="auto"
    >
      10
    </div>
    <div
      className="css-text-901oao r-color-181bzza r-fontFamily-6jnb14 r-fontSize-hiw28u r-fontWeight-b88u0q r-lineHeight-qvk6io r-textAlign-1ff274t r-textDecorationLine-13wfysu r-textTransform-3twk1y"
      dir="auto"
    >
      G$
    </div>
  </div>
</div>
`;
