// Jest Snapshot v1, https://goo.gl/fbAQLP

exports[`KeyboardKey matches snapshot 1`] = `
<div
  className="css-view-1dbjc4n r-flex-13awgt0 r-pointerEvents-12vffkv"
>
  <div
    className="css-view-1dbjc4n r-alignItems-1awozwy r-cursor-1loqt21 r-display-6koalj r-flex-13awgt0 r-padding-edyy15 r-touchAction-1otgn73 r-userSelect-lrvibr"
    onClick={[Function]}
    onContextMenu={[Function]}
    onKeyDown={[Function]}
    tabIndex="0"
  >
    <div
      className="css-text-901oao r-color-cddv6f r-fontFamily-6jnb14 r-fontSize-hiw28u r-fontWeight-b88u0q r-lineHeight-qvk6io r-textAlign-q4m81j r-textDecorationLine-13wfysu r-textTransform-3twk1y"
      dir="auto"
    >
      1
    </div>
  </div>
</div>
`;
