// Jest Snapshot v1, https://goo.gl/fbAQLP

exports[`ModalInnerContents matches snapshot 1`] = `
<div
  className="css-view-1dbjc4n r-flex-13awgt0 r-pointerEvents-12vffkv"
>
  <div
    className="css-view-1dbjc4n r-backgroundColor-14lw9ot r-borderBottomRightRadius-qpmf2f r-borderTopRightRadius-dfv94e r-boxShadow-172poub r-flexGrow-16y2uox r-padding-nsbfu8 r-position-bnwqim r-zIndex-184en5c"
  >
    Testing
  </div>
</div>
`;

exports[`ModalInnerContents matches snapshot with properties 1`] = `
<div
  className="css-view-1dbjc4n r-flex-13awgt0 r-pointerEvents-12vffkv"
>
  <div
    className="css-view-1dbjc4n r-backgroundColor-14lw9ot r-borderBottomRightRadius-qpmf2f r-borderTopRightRadius-dfv94e r-boxShadow-172poub r-flexGrow-16y2uox r-padding-nsbfu8 r-position-bnwqim r-zIndex-184en5c"
  >
    Testing
  </div>
</div>
`;
