// Jest Snapshot v1, https://goo.gl/fbAQLP

exports[`ModalJaggedEdge matches snapshot 1`] = `
<div
  className="css-view-1dbjc4n r-flex-13awgt0 r-pointerEvents-12vffkv"
>
  <div
    className="css-view-1dbjc4n r-backgroundImage-693lkh r-backgroundPosition-psfvt2 r-backgroundRepeat-f6vetv r-backgroundSize-jug86b r-height-10ptun7 r-position-bnwqim r-width-13qz1uu r-zIndex-pezta"
  />
</div>
`;
