// Jest Snapshot v1, https://goo.gl/fbAQLP

exports[`SmsForm matches snapshot 1`] = `
<div
  className="css-view-1dbjc4n"
  style={
    Object {
      "WebkitAlignItems": "stretch",
      "WebkitBoxAlign": "stretch",
      "WebkitBoxDirection": "normal",
      "WebkitBoxFlex": 1,
      "WebkitBoxOrient": "vertical",
      "WebkitBoxPack": "justify",
      "WebkitFlexBasis": "0%",
      "WebkitFlexDirection": "column",
      "WebkitFlexGrow": 1,
      "WebkitFlexShrink": 1,
      "WebkitJustifyContent": "space-between",
      "alignItems": "stretch",
      "display": "flex",
      "flexBasis": "0%",
      "flexDirection": "column",
      "flexGrow": 1,
      "flexShrink": 1,
      "justifyContent": "space-between",
      "maxWidth": "500px",
      "msFlexAlign": "stretch",
      "msFlexDirection": "column",
      "msFlexNegative": 1,
      "msFlexPack": "justify",
      "msFlexPositive": 1,
      "msFlexPreferredSize": "0%",
      "paddingBottom": "20px",
      "paddingLeft": "20px",
      "paddingRight": "20px",
      "paddingTop": "20px",
    }
  }
>
  <div
    className="css-view-1dbjc4n"
    style={
      Object {
        "WebkitBoxFlex": 1,
        "WebkitBoxPack": "space-evenly",
        "WebkitFlexBasis": "0%",
        "WebkitFlexGrow": 1,
        "WebkitFlexShrink": 1,
        "WebkitJustifyContent": "space-evenly",
        "flexBasis": "0%",
        "flexGrow": 1,
        "flexShrink": 1,
        "justifyContent": "space-evenly",
        "msFlexNegative": 1,
        "msFlexPack": "space-evenly",
        "msFlexPositive": 1,
        "msFlexPreferredSize": "0%",
        "paddingTop": "30px",
      }
    }
  >
    <div
      className="css-text-76zvg2"
      dir="auto"
      style={
        Object {
          "color": "rgba(85,85,85,1.00)",
          "direction": "ltr",
          "fontFamily": "Roboto, \\"Helvetica Neue\\", Helvetica, Arial, sans-serif",
          "fontSize": "24px",
          "marginBottom": "30px",
          "textAlign": "center",
        }
      }
    >
      Enter the verification code 
 sent to your phone
    </div>
    <div
      className={false}
      style={
        Object {
          "display": "flex",
          "justifyContent": "space-evenly",
        }
      }
    >
      <div
        style={
          Object {
            "alignItems": "center",
            "display": "flex",
          }
        }
      >
        <input
          className=""
          disabled={false}
          maxLength="1"
          onBlur={[Function]}
          onChange={[Function]}
          onFocus={[Function]}
          onKeyDown={[Function]}
          onPaste={[Function]}
          style={
            Object {
              "borderBottom": "1px solid #555",
              "borderLeft": "none",
              "borderRight": "none",
              "borderTop": "none",
              "fontSize": "1.5rem",
              "height": "3rem",
              "margin": "0 0.5rem",
              "textAlign": "center",
              "width": "100%",
            }
          }
          type="tel"
        />
      </div>
      <div
        style={
          Object {
            "alignItems": "center",
            "display": "flex",
          }
        }
      >
        <input
          className=""
          disabled={false}
          maxLength="1"
          onBlur={[Function]}
          onChange={[Function]}
          onFocus={[Function]}
          onKeyDown={[Function]}
          onPaste={[Function]}
          style={
            Object {
              "borderBottom": "1px solid #555",
              "borderLeft": "none",
              "borderRight": "none",
              "borderTop": "none",
              "fontSize": "1.5rem",
              "height": "3rem",
              "margin": "0 0.5rem",
              "textAlign": "center",
              "width": "100%",
            }
          }
          type="tel"
        />
      </div>
      <div
        style={
          Object {
            "alignItems": "center",
            "display": "flex",
          }
        }
      >
        <input
          className=""
          disabled={false}
          maxLength="1"
          onBlur={[Function]}
          onChange={[Function]}
          onFocus={[Function]}
          onKeyDown={[Function]}
          onPaste={[Function]}
          style={
            Object {
              "borderBottom": "1px solid #555",
              "borderLeft": "none",
              "borderRight": "none",
              "borderTop": "none",
              "fontSize": "1.5rem",
              "height": "3rem",
              "margin": "0 0.5rem",
              "textAlign": "center",
              "width": "100%",
            }
          }
          type="tel"
        />
      </div>
      <div
        style={
          Object {
            "alignItems": "center",
            "display": "flex",
          }
        }
      >
        <input
          className=""
          disabled={false}
          maxLength="1"
          onBlur={[Function]}
          onChange={[Function]}
          onFocus={[Function]}
          onKeyDown={[Function]}
          onPaste={[Function]}
          style={
            Object {
              "borderBottom": "1px solid #555",
              "borderLeft": "none",
              "borderRight": "none",
              "borderTop": "none",
              "fontSize": "1.5rem",
              "height": "3rem",
              "margin": "0 0.5rem",
              "textAlign": "center",
              "width": "100%",
            }
          }
          type="tel"
        />
      </div>
      <div
        style={
          Object {
            "alignItems": "center",
            "display": "flex",
          }
        }
      >
        <input
          className=""
          disabled={false}
          maxLength="1"
          onBlur={[Function]}
          onChange={[Function]}
          onFocus={[Function]}
          onKeyDown={[Function]}
          onPaste={[Function]}
          style={
            Object {
              "borderBottom": "1px solid #555",
              "borderLeft": "none",
              "borderRight": "none",
              "borderTop": "none",
              "fontSize": "1.5rem",
              "height": "3rem",
              "margin": "0 0.5rem",
              "textAlign": "center",
              "width": "100%",
            }
          }
          type="tel"
        />
      </div>
      <div
        style={
          Object {
            "alignItems": "center",
            "display": "flex",
          }
        }
      >
        <input
          className=""
          disabled={false}
          maxLength="1"
          onBlur={[Function]}
          onChange={[Function]}
          onFocus={[Function]}
          onKeyDown={[Function]}
          onPaste={[Function]}
          style={
            Object {
              "borderBottom": "1px solid #555",
              "borderLeft": "none",
              "borderRight": "none",
              "borderTop": "none",
              "fontSize": "1.5rem",
              "height": "3rem",
              "margin": "0 0.5rem",
              "textAlign": "center",
              "width": "100%",
            }
          }
          type="tel"
        />
      </div>
    </div>
    <div
      className="css-view-1dbjc4n"
    >
      <div
        className="css-text-76zvg2"
        dir="auto"
        style={
          Object {
            "color": "rgba(255,0,0,1.00)",
            "direction": "ltr",
            "fontFamily": "Roboto, \\"Helvetica Neue\\", Helvetica, Arial, sans-serif",
            "fontSize": "18px",
            "marginBottom": "30px",
            "marginTop": "30px",
            "minHeight": "24px",
            "textAlign": "center",
          }
        }
      />
    </div>
    <div
      className="css-view-1dbjc4n"
      style={
        Object {
          "WebkitAlignContent": "stretch",
          "WebkitBoxDirection": "normal",
          "WebkitBoxOrient": "vertical",
          "WebkitBoxPack": "justify",
          "WebkitFlexDirection": "column",
          "WebkitJustifyContent": "space-between",
          "alignContent": "stretch",
          "display": "flex",
          "flexDirection": "column",
          "justifyContent": "space-between",
          "msFlexDirection": "column",
          "msFlexLinePack": "stretch",
          "msFlexPack": "justify",
        }
      }
    >
      <div
        className="css-text-76zvg2"
        dir="auto"
        style={
          Object {
            "color": "rgba(85,85,85,1.00)",
            "direction": "ltr",
            "fontFamily": "Roboto, \\"Helvetica Neue\\", Helvetica, Arial, sans-serif",
            "fontSize": "18px",
            "marginTop": "30px",
            "textAlign": "center",
          }
        }
      >
        Please wait a few seconds until the SMS arrives
      </div>
    </div>
  </div>
  <div
    className="css-view-1dbjc4n"
    style={
      Object {
        "WebkitBoxFlex": 1,
        "WebkitBoxPack": "end",
        "WebkitFlexBasis": "0%",
        "WebkitFlexGrow": 1,
        "WebkitFlexShrink": 1,
        "WebkitJustifyContent": "flex-end",
        "display": "flex",
        "flexBasis": "0%",
        "flexGrow": 1,
        "flexShrink": 1,
        "justifyContent": "flex-end",
        "msFlexNegative": 1,
        "msFlexPack": "end",
        "msFlexPositive": 1,
        "msFlexPreferredSize": "0%",
        "paddingTop": "20px",
      }
    }
  />
</div>
`;
