// Jest Snapshot v1, https://goo.gl/fbAQLP

exports[`SideMenuPanel matches snapshot 1`] = `
<div
  className="css-view-1dbjc4n r-flex-13awgt0 r-pointerEvents-12vffkv"
>
  <div
    className="css-view-1dbjc4n r-WebkitOverflowScrolling-150rngu r-flexDirection-eqz5dr r-flexGrow-16y2uox r-flexShrink-1wbh5a2 r-overflowX-11yh6sk r-overflowY-1rnoaur r-transform-1sncvnh"
    onScroll={[Function]}
    onTouchEnd={[Function]}
    onTouchMove={[Function]}
    onTouchStart={[Function]}
    onWheel={[Function]}
  >
    <div
      className="css-view-1dbjc4n r-flexGrow-16y2uox"
    >
      <div
        className="css-view-1dbjc4n r-alignItems-1awozwy r-cursor-1loqt21 r-flex-9c3h7m r-flexDirection-18u37iz r-justifyContent-17s6mgv r-marginHorizontal-1ydw1k6 r-minHeight-bt1l66 r-paddingBottom-11rk87y r-paddingTop-95jzfe r-touchAction-1otgn73 r-transitionProperty-1i6wzkk r-userSelect-lrvibr"
        data-testid="close_burger_button"
        onClick={[Function]}
        onContextMenu={[Function]}
        onKeyDown={[Function]}
        style={
          Object {
            "WebkitTransitionDuration": "0s",
            "transitionDuration": "0s",
          }
        }
        tabIndex="0"
      >
        <div
          className="css-text-901oao"
          dir="auto"
          style={
            Object {
              "color": "rgba(163,163,163,1.00)",
              "fontFamily": "gooddollar",
              "fontSize": "20px",
              "fontStyle": "normal",
              "fontWeight": "normal",
            }
          }
        >
          
        </div>
      </div>
      <div
        className="css-view-1dbjc4n r-borderTopColor-18grtmt r-borderTopStyle-1efd50x r-borderTopWidth-5kkj8d r-flexGrow-16y2uox r-marginHorizontal-1ydw1k6"
      >
        <div
          className="css-view-1dbjc4n r-alignItems-1awozwy r-borderBottomColor-1fn3lry r-borderBottomWidth-qklmqi r-borderStyle-1phboty r-cursor-1loqt21 r-flexDirection-18u37iz r-justifyContent-1h0z5md r-padding-nsbfu8 r-paddingLeft-gy4na3 r-paddingRight-9aemit r-touchAction-1otgn73 r-transitionProperty-1i6wzkk r-userSelect-lrvibr"
          onClick={[Function]}
          onContextMenu={[Function]}
          onKeyDown={[Function]}
          style={
            Object {
              "WebkitTransitionDuration": "0s",
              "transitionDuration": "0s",
            }
          }
          tabIndex="0"
        >
          <div
            className="css-view-1dbjc4n r-alignItems-1habvwh r-display-6koalj r-justifyContent-1777fci r-marginLeft-1jkjb r-marginRight-acz6fz r-width-q1j0wu"
          >
            <div
              className="css-text-901oao"
              dir="auto"
              style={
                Object {
                  "color": "rgba(0,175,255,1.00)",
                  "fontFamily": "gooddollar",
                  "fontSize": "14px",
                  "fontStyle": "normal",
                  "fontWeight": "normal",
                }
              }
            >
              
            </div>
          </div>
          <div
            className="css-text-901oao r-color-cddv6f r-fontFamily-vnw8o6 r-fontSize-1b43r93 r-fontWeight-majxgm r-lineHeight-qvk6io r-textAlign-fdjqy7 r-textDecorationLine-13wfysu r-textTransform-3twk1y r-width-13qz1uu"
            dir="auto"
          >
            WalletConnect
          </div>
        </div>
        <div
          className="css-view-1dbjc4n r-alignItems-1awozwy r-borderBottomColor-1fn3lry r-borderBottomWidth-qklmqi r-borderStyle-1phboty r-cursor-1loqt21 r-flexDirection-18u37iz r-justifyContent-1h0z5md r-padding-nsbfu8 r-paddingLeft-gy4na3 r-paddingRight-9aemit r-touchAction-1otgn73 r-transitionProperty-1i6wzkk r-userSelect-lrvibr"
          onClick={[Function]}
          onContextMenu={[Function]}
          onKeyDown={[Function]}
          style={
            Object {
              "WebkitTransitionDuration": "0s",
              "transitionDuration": "0s",
            }
          }
          tabIndex="0"
        >
          <div
            className="css-view-1dbjc4n r-alignItems-1habvwh r-display-6koalj r-justifyContent-1777fci r-marginLeft-1jkjb r-marginRight-acz6fz r-width-q1j0wu"
          >
            <div
              className="css-text-901oao"
              dir="auto"
              style={
                Object {
                  "color": "rgba(0,175,255,1.00)",
                  "fontFamily": "gooddollar",
                  "fontSize": "23px",
                  "fontStyle": "normal",
                  "fontWeight": "normal",
                }
              }
            >
              
            </div>
          </div>
          <div
            className="css-text-901oao r-color-cddv6f r-fontFamily-vnw8o6 r-fontSize-1b43r93 r-fontWeight-majxgm r-lineHeight-qvk6io r-textAlign-fdjqy7 r-textDecorationLine-13wfysu r-textTransform-3twk1y r-width-13qz1uu"
            dir="auto"
          >
            Go to GoodSwap
          </div>
          <div
            className="css-view-1dbjc4n r-alignItems-1habvwh r-display-6koalj r-justifyContent-1777fci r-marginLeft-1jkjb r-width-q1j0wu"
          >
            <div
              className="css-text-901oao"
              dir="auto"
              style={
                Object {
                  "color": "rgba(0,175,255,1.00)",
                  "fontFamily": "gooddollar",
                  "fontSize": "23px",
                  "fontStyle": "normal",
                  "fontWeight": "normal",
                }
              }
            >
              
            </div>
          </div>
        </div>
        <div
          className="css-view-1dbjc4n r-alignItems-1awozwy r-borderBottomColor-1fn3lry r-borderBottomWidth-qklmqi r-borderStyle-1phboty r-cursor-1loqt21 r-flexDirection-18u37iz r-justifyContent-1h0z5md r-padding-nsbfu8 r-paddingLeft-gy4na3 r-paddingRight-9aemit r-touchAction-1otgn73 r-transitionProperty-1i6wzkk r-userSelect-lrvibr"
          onClick={[Function]}
          onContextMenu={[Function]}
          onKeyDown={[Function]}
          style={
            Object {
              "WebkitTransitionDuration": "0s",
              "transitionDuration": "0s",
            }
          }
          tabIndex="0"
        >
          <div
            className="css-view-1dbjc4n r-alignItems-1habvwh r-display-6koalj r-justifyContent-1777fci r-marginLeft-1jkjb r-marginRight-acz6fz r-width-q1j0wu"
          >
            <div
              className="css-text-901oao"
              dir="auto"
              style={
                Object {
                  "color": "rgba(0,175,255,1.00)",
                  "fontFamily": "gooddollar",
                  "fontSize": "23px",
                  "fontStyle": "normal",
                  "fontWeight": "normal",
                }
              }
            >
              
            </div>
          </div>
          <div
            className="css-text-901oao r-color-cddv6f r-fontFamily-vnw8o6 r-fontSize-1b43r93 r-fontWeight-majxgm r-lineHeight-qvk6io r-textAlign-fdjqy7 r-textDecorationLine-13wfysu r-textTransform-3twk1y r-width-13qz1uu"
            dir="auto"
          >
            My profile
          </div>
        </div>
        <div
          className="css-view-1dbjc4n r-alignItems-1awozwy r-borderBottomColor-1fn3lry r-borderBottomWidth-qklmqi r-borderStyle-1phboty r-cursor-1loqt21 r-flexDirection-18u37iz r-justifyContent-1h0z5md r-padding-nsbfu8 r-paddingLeft-gy4na3 r-paddingRight-9aemit r-touchAction-1otgn73 r-transitionProperty-1i6wzkk r-userSelect-lrvibr"
          onClick={[Function]}
          onContextMenu={[Function]}
          onKeyDown={[Function]}
          style={
            Object {
              "WebkitTransitionDuration": "0s",
              "transitionDuration": "0s",
            }
          }
          tabIndex="0"
        >
          <div
            className="css-view-1dbjc4n r-alignItems-1habvwh r-display-6koalj r-justifyContent-1777fci r-marginLeft-1jkjb r-marginRight-acz6fz r-width-q1j0wu"
          >
            <div
              className="css-text-901oao"
              dir="auto"
              style={
                Object {
                  "color": "rgba(0,175,255,1.00)",
                  "fontFamily": "gooddollar",
                  "fontSize": "18px",
                  "fontStyle": "normal",
                  "fontWeight": "normal",
                }
              }
            >
              
            </div>
          </div>
          <div
            className="css-text-901oao r-color-cddv6f r-fontFamily-vnw8o6 r-fontSize-1b43r93 r-fontWeight-majxgm r-lineHeight-qvk6io r-textAlign-fdjqy7 r-textDecorationLine-13wfysu r-textTransform-3twk1y r-width-13qz1uu"
            dir="auto"
          >
            Export Wallet
          </div>
        </div>
        <div
          className="css-view-1dbjc4n r-alignItems-1awozwy r-borderBottomColor-1fn3lry r-borderBottomWidth-qklmqi r-borderStyle-1phboty r-cursor-1loqt21 r-flexDirection-18u37iz r-justifyContent-1h0z5md r-padding-nsbfu8 r-paddingLeft-gy4na3 r-paddingRight-9aemit r-touchAction-1otgn73 r-transitionProperty-1i6wzkk r-userSelect-lrvibr"
          onClick={[Function]}
          onContextMenu={[Function]}
          onKeyDown={[Function]}
          style={
            Object {
              "WebkitTransitionDuration": "0s",
              "transitionDuration": "0s",
            }
          }
          tabIndex="0"
        >
          <div
            className="css-view-1dbjc4n r-alignItems-1habvwh r-display-6koalj r-justifyContent-1777fci r-marginLeft-1jkjb r-marginRight-acz6fz r-width-q1j0wu"
          >
            <div
              className="css-text-901oao"
              dir="auto"
              style={
                Object {
                  "color": "rgba(0,175,255,1.00)",
                  "fontFamily": "gooddollar",
                  "fontSize": "23px",
                  "fontStyle": "normal",
                  "fontWeight": "normal",
                }
              }
            >
              
            </div>
          </div>
          <div
            className="css-text-901oao r-color-cddv6f r-fontFamily-vnw8o6 r-fontSize-1b43r93 r-fontWeight-majxgm r-lineHeight-qvk6io r-textAlign-fdjqy7 r-textDecorationLine-13wfysu r-textTransform-3twk1y r-width-13qz1uu"
            dir="auto"
          >
            Backup Wallet
          </div>
        </div>
        <div
          className="css-view-1dbjc4n r-alignItems-1awozwy r-borderBottomColor-1fn3lry r-borderBottomWidth-qklmqi r-borderStyle-1phboty r-cursor-1loqt21 r-flexDirection-18u37iz r-justifyContent-1h0z5md r-padding-nsbfu8 r-paddingLeft-gy4na3 r-paddingRight-9aemit r-touchAction-1otgn73 r-transitionProperty-1i6wzkk r-userSelect-lrvibr"
          onClick={[Function]}
          onContextMenu={[Function]}
          onKeyDown={[Function]}
          style={
            Object {
              "WebkitTransitionDuration": "0s",
              "transitionDuration": "0s",
            }
          }
          tabIndex="0"
        >
          <div
            className="css-view-1dbjc4n r-alignItems-1habvwh r-display-6koalj r-justifyContent-1777fci r-marginLeft-1jkjb r-marginRight-acz6fz r-width-q1j0wu"
          >
            <div
              className="css-text-901oao"
              dir="auto"
              style={
                Object {
                  "color": "rgba(0,175,255,1.00)",
                  "fontFamily": "gooddollar",
                  "fontSize": "23px",
                  "fontStyle": "normal",
                  "fontWeight": "normal",
                }
              }
            >
              
            </div>
          </div>
          <div
            className="css-text-901oao r-color-cddv6f r-fontFamily-vnw8o6 r-fontSize-1b43r93 r-fontWeight-majxgm r-lineHeight-qvk6io r-textAlign-fdjqy7 r-textDecorationLine-13wfysu r-textTransform-3twk1y r-width-13qz1uu"
            dir="auto"
          >
            Settings
          </div>
        </div>
        <div
          className="css-view-1dbjc4n r-alignItems-1awozwy r-borderBottomColor-1fn3lry r-borderBottomWidth-qklmqi r-borderStyle-1phboty r-cursor-1loqt21 r-flexDirection-18u37iz r-justifyContent-1h0z5md r-padding-nsbfu8 r-paddingLeft-gy4na3 r-paddingRight-9aemit r-touchAction-1otgn73 r-transitionProperty-1i6wzkk r-userSelect-lrvibr"
          onClick={[Function]}
          onContextMenu={[Function]}
          onKeyDown={[Function]}
          style={
            Object {
              "WebkitTransitionDuration": "0s",
              "transitionDuration": "0s",
            }
          }
          tabIndex="0"
        >
          <div
            className="css-view-1dbjc4n r-alignItems-1awozwy r-display-6koalj r-justifyContent-1777fci r-marginLeft-1jkjb r-marginRight-acz6fz r-width-q1j0wu"
          >
            <div
              className="css-text-901oao"
              dir="auto"
              style={
                Object {
                  "color": "rgba(0,175,255,1.00)",
                  "fontFamily": "gooddollar",
                  "fontSize": "18px",
                  "fontStyle": "normal",
                  "fontWeight": "normal",
                }
              }
            >
              
            </div>
          </div>
          <div
            className="css-text-901oao r-color-cddv6f r-fontFamily-vnw8o6 r-fontSize-1b43r93 r-fontWeight-majxgm r-lineHeight-qvk6io r-textAlign-fdjqy7 r-textDecorationLine-13wfysu r-textTransform-3twk1y r-width-13qz1uu"
            dir="auto"
          >
            Statistics
          </div>
        </div>
        <div
          className="css-view-1dbjc4n r-alignItems-1awozwy r-borderBottomColor-1fn3lry r-borderBottomWidth-qklmqi r-borderStyle-1phboty r-cursor-1loqt21 r-flexDirection-18u37iz r-justifyContent-1h0z5md r-padding-nsbfu8 r-paddingLeft-gy4na3 r-paddingRight-9aemit r-touchAction-1otgn73 r-transitionProperty-1i6wzkk r-userSelect-lrvibr"
          onClick={[Function]}
          onContextMenu={[Function]}
          onKeyDown={[Function]}
          style={
            Object {
              "WebkitTransitionDuration": "0s",
              "transitionDuration": "0s",
            }
          }
          tabIndex="0"
        >
          <div
            className="css-view-1dbjc4n r-alignItems-1habvwh r-display-6koalj r-justifyContent-1777fci r-marginLeft-1jkjb r-marginRight-acz6fz r-width-q1j0wu"
          >
            <div
              className="css-text-901oao"
              dir="auto"
              style={
                Object {
                  "color": "rgba(0,175,255,1.00)",
                  "fontFamily": "gooddollar",
                  "fontSize": "18px",
                  "fontStyle": "normal",
                  "fontWeight": "normal",
                }
              }
            >
              
            </div>
          </div>
          <div
            className="css-text-901oao r-color-cddv6f r-fontFamily-vnw8o6 r-fontSize-1b43r93 r-fontWeight-majxgm r-lineHeight-qvk6io r-textAlign-fdjqy7 r-textDecorationLine-13wfysu r-textTransform-3twk1y r-width-13qz1uu"
            dir="auto"
          >
            Help & Feedback
          </div>
        </div>
        <div
          className="css-view-1dbjc4n r-alignItems-1awozwy r-borderBottomColor-1fn3lry r-borderBottomWidth-qklmqi r-borderStyle-1phboty r-cursor-1loqt21 r-flexDirection-18u37iz r-justifyContent-1h0z5md r-padding-nsbfu8 r-paddingLeft-gy4na3 r-paddingRight-9aemit r-touchAction-1otgn73 r-transitionProperty-1i6wzkk r-userSelect-lrvibr"
          onClick={[Function]}
          onContextMenu={[Function]}
          onKeyDown={[Function]}
          style={
            Object {
              "WebkitTransitionDuration": "0s",
              "transitionDuration": "0s",
            }
          }
          tabIndex="0"
        >
          <div
            className="css-view-1dbjc4n r-alignItems-1habvwh r-display-6koalj r-justifyContent-1777fci r-marginLeft-1jkjb r-marginRight-acz6fz r-width-q1j0wu"
          >
            <div
              className="css-text-901oao"
              dir="auto"
              style={
                Object {
                  "color": "rgba(0,175,255,1.00)",
                  "fontFamily": "gooddollar",
                  "fontSize": "23px",
                  "fontStyle": "normal",
                  "fontWeight": "normal",
                }
              }
            >
              
            </div>
          </div>
          <div
            className="css-text-901oao r-color-cddv6f r-fontFamily-vnw8o6 r-fontSize-1b43r93 r-fontWeight-majxgm r-lineHeight-qvk6io r-textAlign-fdjqy7 r-textDecorationLine-13wfysu r-textTransform-3twk1y r-width-13qz1uu"
            dir="auto"
          >
            Privacy Policy & Terms
          </div>
        </div>
        <div
          className="css-view-1dbjc4n r-alignItems-1awozwy r-borderBottomColor-1fn3lry r-borderBottomWidth-qklmqi r-borderStyle-1phboty r-cursor-1loqt21 r-flexDirection-18u37iz r-justifyContent-1h0z5md r-padding-nsbfu8 r-paddingLeft-gy4na3 r-paddingRight-9aemit r-touchAction-1otgn73 r-transitionProperty-1i6wzkk r-userSelect-lrvibr"
          onClick={[Function]}
          onContextMenu={[Function]}
          onKeyDown={[Function]}
          style={
            Object {
              "WebkitTransitionDuration": "0s",
              "transitionDuration": "0s",
            }
          }
          tabIndex="0"
        >
          <div
            className="css-view-1dbjc4n r-alignItems-1habvwh r-display-6koalj r-justifyContent-1777fci r-marginLeft-1jkjb r-marginRight-acz6fz r-width-q1j0wu"
          >
            <div
              className="css-text-901oao"
              dir="auto"
              style={
                Object {
                  "color": "rgba(0,175,255,1.00)",
                  "fontFamily": "gooddollar",
                  "fontSize": "23px",
                  "fontStyle": "normal",
                  "fontWeight": "normal",
                }
              }
            >
              
            </div>
          </div>
          <div
            className="css-text-901oao r-color-cddv6f r-fontFamily-vnw8o6 r-fontSize-1b43r93 r-fontWeight-majxgm r-lineHeight-qvk6io r-textAlign-fdjqy7 r-textDecorationLine-13wfysu r-textTransform-3twk1y r-width-13qz1uu"
            dir="auto"
          >
            Logout
          </div>
        </div>
        <div
          className="css-view-1dbjc4n r-marginTop-1t01tom"
        >
          <div
            className="css-view-1dbjc4n r-alignItems-1awozwy r-borderBottomColor-1fn3lry r-borderBottomWidth-qklmqi r-borderStyle-1phboty r-cursor-1loqt21 r-flexDirection-18u37iz r-justifyContent-1h0z5md r-padding-nsbfu8 r-paddingLeft-gy4na3 r-paddingRight-9aemit r-touchAction-1otgn73 r-transitionProperty-1i6wzkk r-userSelect-lrvibr"
            onClick={[Function]}
            onContextMenu={[Function]}
            onKeyDown={[Function]}
            style={
              Object {
                "WebkitTransitionDuration": "0s",
                "transitionDuration": "0s",
              }
            }
            tabIndex="0"
          >
            <div
              className="css-view-1dbjc4n r-alignItems-1habvwh r-display-6koalj r-justifyContent-1777fci r-marginLeft-1jkjb r-marginRight-acz6fz r-width-q1j0wu"
            >
              <div
                className="css-text-901oao"
                dir="auto"
                style={
                  Object {
                    "color": "rgba(250,108,119,1.00)",
                    "fontFamily": "gooddollar",
                    "fontSize": "23px",
                    "fontStyle": "normal",
                    "fontWeight": "normal",
                  }
                }
              >
                
              </div>
            </div>
            <div
              className="css-text-901oao r-color-11zaip3 r-fontFamily-vnw8o6 r-fontSize-1b43r93 r-fontWeight-majxgm r-lineHeight-qvk6io r-textAlign-fdjqy7 r-textDecorationLine-13wfysu r-textTransform-3twk1y r-width-13qz1uu"
              dir="auto"
            >
              Delete Account
            </div>
          </div>
        </div>
      </div>
    </div>
  </div>
</div>
`;
